// Jest Snapshot v1, https://goo.gl/fbAQLP

exports[`Primera prueba sobre GIfGridItem Debe mostrar el contenido de GifGridItem correctamente 1`] = `
<div
  className="card animate__animated animate__fadeIn"
>
  <img
    alt="Titulo"
    src="https://localhost/urlPrueba"
  />
  <p>
    Titulo
  </p>
</div>
`;
